{ a = [999,555], b = 999, c = [999,989], d = [151], e = [1,2,3,4] }
