Error in prelude: PrimitiveException: IntDiv: division by zero
